[run.sh] WT-MetaD v3 starting: Sun, May 10, 2026  1:27:56 PM
[run.sh] === Seed 42: Sun, May 10, 2026  1:27:56 PM ===
[GFN] checkpoint not found (checkpoints/gfn_fad.pt), using fallback FF
[init] CV0=-1.4833 Ang  n_steps=600000  T=200.0K
step    5000  t=2.5ps  cv=-1.343  barrier=34.79 kcal/mol  12.3M steps/day
step   10000  t=5.0ps  cv=-1.288  barrier=34.74 kcal/mol  12.3M steps/day
step   15000  t=7.5ps  cv=-1.204  barrier=24.42 kcal/mol  12.3M steps/day
step   20000  t=10.0ps  cv=-1.009  barrier=20.69 kcal/mol  12.4M steps/day
step   25000  t=12.5ps  cv=-0.893  barrier=16.28 kcal/mol  12.4M steps/day
step   30000  t=15.0ps  cv=-0.784  barrier=11.71 kcal/mol  12.4M steps/day
step   35000  t=17.5ps  cv=-0.745  barrier=11.70 kcal/mol  12.3M steps/day
step   40000  t=20.0ps  cv=-0.620  barrier=7.50 kcal/mol  12.4M steps/day
step   45000  t=22.5ps  cv=-0.562  barrier=7.39 kcal/mol  12.3M steps/day
step   50000  t=25.0ps  cv=-0.495  barrier=3.64 kcal/mol  12.3M steps/day
step   55000  t=27.5ps  cv=-0.346  barrier=2.75 kcal/mol  12.3M steps/day
step   60000  t=30.0ps  cv=-0.313  barrier=1.60 kcal/mol  12.3M steps/day
step   65000  t=32.5ps  cv=-0.117  barrier=0.81 kcal/mol  12.3M steps/day
step   70000  t=35.0ps  cv=-0.101  barrier=0.58 kcal/mol  12.3M steps/day
step   75000  t=37.5ps  cv=-0.151  barrier=0.57 kcal/mol  12.2M steps/day
step   80000  t=40.0ps  cv=-0.140  barrier=0.37 kcal/mol  12.2M steps/day
step   85000  t=42.5ps  cv=+0.106  barrier=0.36 kcal/mol  12.2M steps/day
step   90000  t=45.0ps  cv=+0.144  barrier=0.36 kcal/mol  12.2M steps/day
step   95000  t=47.5ps  cv=+0.292  barrier=0.36 kcal/mol  12.2M steps/day
step  100000  t=50.0ps  cv=+0.306  barrier=0.36 kcal/mol  12.1M steps/day
step  105000  t=52.5ps  cv=+0.530  barrier=0.36 kcal/mol  12.1M steps/day
step  110000  t=55.0ps  cv=+0.448  barrier=0.36 kcal/mol  12.1M steps/day
step  115000  t=57.5ps  cv=+0.437  barrier=0.36 kcal/mol  11.9M steps/day
step  120000  t=60.0ps  cv=+0.575  barrier=0.36 kcal/mol  11.7M steps/day
step  125000  t=62.5ps  cv=+0.757  barrier=0.36 kcal/mol  11.5M steps/day
step  130000  t=65.0ps  cv=+0.658  barrier=0.36 kcal/mol  11.4M steps/day
step  135000  t=67.5ps  cv=+0.504  barrier=0.36 kcal/mol  11.2M steps/day
step  140000  t=70.0ps  cv=+0.640  barrier=0.36 kcal/mol  11.1M steps/day
step  145000  t=72.5ps  cv=+0.504  barrier=0.36 kcal/mol  10.9M steps/day
step  150000  t=75.0ps  cv=+0.509  barrier=0.36 kcal/mol  10.8M steps/day
step  155000  t=77.5ps  cv=+0.837  barrier=0.36 kcal/mol  10.8M steps/day
step  160000  t=80.0ps  cv=+0.965  barrier=0.36 kcal/mol  10.7M steps/day
step  165000  t=82.5ps  cv=+0.994  barrier=0.36 kcal/mol  10.6M steps/day
step  170000  t=85.0ps  cv=+0.893  barrier=0.36 kcal/mol  10.5M steps/day
step  175000  t=87.5ps  cv=+0.801  barrier=0.36 kcal/mol  10.4M steps/day
step  180000  t=90.0ps  cv=+0.975  barrier=0.36 kcal/mol  10.3M steps/day
step  185000  t=92.5ps  cv=+0.952  barrier=0.36 kcal/mol  10.2M steps/day
step  190000  t=95.0ps  cv=+0.941  barrier=0.36 kcal/mol  10.2M steps/day
step  195000  t=97.5ps  cv=+1.040  barrier=0.36 kcal/mol  10.1M steps/day
step  200000  t=100.0ps  cv=+1.149  barrier=0.36 kcal/mol  10.1M steps/day
step  205000  t=102.5ps  cv=+1.176  barrier=0.36 kcal/mol  10.0M steps/day
step  210000  t=105.0ps  cv=+1.205  barrier=0.36 kcal/mol  9.9M steps/day
step  215000  t=107.5ps  cv=+1.268  barrier=0.36 kcal/mol  9.9M steps/day
step  220000  t=110.0ps  cv=+1.079  barrier=0.36 kcal/mol  9.8M steps/day
step  225000  t=112.5ps  cv=+1.096  barrier=0.36 kcal/mol  9.8M steps/day
step  230000  t=115.0ps  cv=+1.059  barrier=0.36 kcal/mol  9.7M steps/day
step  235000  t=117.5ps  cv=+0.980  barrier=0.36 kcal/mol  9.7M steps/day
step  240000  t=120.0ps  cv=+0.969  barrier=0.36 kcal/mol  9.7M steps/day
step  245000  t=122.5ps  cv=+0.876  barrier=0.36 kcal/mol  9.6M steps/day
step  250000  t=125.0ps  cv=+0.869  barrier=0.36 kcal/mol  9.6M steps/day
step  255000  t=127.5ps  cv=+0.796  barrier=0.36 kcal/mol  9.5M steps/day
step  260000  t=130.0ps  cv=+0.731  barrier=0.36 kcal/mol  9.5M steps/day
step  265000  t=132.5ps  cv=+0.732  barrier=0.36 kcal/mol  9.5M steps/day
step  270000  t=135.0ps  cv=+0.637  barrier=0.36 kcal/mol  9.4M steps/day
step  275000  t=137.5ps  cv=+0.679  barrier=0.36 kcal/mol  9.4M steps/day
step  280000  t=140.0ps  cv=+0.652  barrier=0.36 kcal/mol  9.4M steps/day
step  285000  t=142.5ps  cv=+0.652  barrier=0.36 kcal/mol  9.3M steps/day
step  290000  t=145.0ps  cv=+0.525  barrier=0.36 kcal/mol  9.3M steps/day
step  295000  t=147.5ps  cv=+0.465  barrier=0.36 kcal/mol  9.3M steps/day
step  300000  t=150.0ps  cv=+0.419  barrier=0.36 kcal/mol  9.3M steps/day
step  305000  t=152.5ps  cv=+0.414  barrier=0.36 kcal/mol  9.2M steps/day
step  310000  t=155.0ps  cv=+0.354  barrier=0.36 kcal/mol  9.2M steps/day
step  315000  t=157.5ps  cv=+0.390  barrier=0.36 kcal/mol  9.2M steps/day
step  320000  t=160.0ps  cv=+0.506  barrier=0.36 kcal/mol  9.2M steps/day
step  325000  t=162.5ps  cv=+0.268  barrier=0.36 kcal/mol  9.1M steps/day
step  330000  t=165.0ps  cv=+0.236  barrier=0.36 kcal/mol  9.1M steps/day
step  335000  t=167.5ps  cv=+0.311  barrier=0.36 kcal/mol  9.1M steps/day
step  340000  t=170.0ps  cv=+0.165  barrier=0.36 kcal/mol  9.1M steps/day
step  345000  t=172.5ps  cv=+0.242  barrier=0.36 kcal/mol  9.1M steps/day
step  350000  t=175.0ps  cv=+0.092  barrier=0.36 kcal/mol  9.0M steps/day
step  355000  t=177.5ps  cv=-0.007  barrier=0.36 kcal/mol  9.0M steps/day
step  360000  t=180.0ps  cv=+0.037  barrier=0.36 kcal/mol  9.0M steps/day
step  365000  t=182.5ps  cv=+0.014  barrier=0.36 kcal/mol  9.0M steps/day
step  370000  t=185.0ps  cv=+0.065  barrier=0.36 kcal/mol  9.0M steps/day
step  375000  t=187.5ps  cv=-0.009  barrier=0.36 kcal/mol  8.9M steps/day
step  380000  t=190.0ps  cv=+0.020  barrier=0.36 kcal/mol  8.9M steps/day
step  385000  t=192.5ps  cv=+0.110  barrier=0.36 kcal/mol  8.9M steps/day
step  390000  t=195.0ps  cv=-0.121  barrier=0.36 kcal/mol  8.9M steps/day
step  395000  t=197.5ps  cv=-0.163  barrier=0.36 kcal/mol  8.9M steps/day
step  400000  t=200.0ps  cv=-0.199  barrier=0.36 kcal/mol  8.8M steps/day
step  405000  t=202.5ps  cv=-0.267  barrier=0.36 kcal/mol  8.8M steps/day
step  410000  t=205.0ps  cv=-0.402  barrier=0.36 kcal/mol  8.8M steps/day
step  415000  t=207.5ps  cv=-0.414  barrier=0.36 kcal/mol  8.8M steps/day
step  420000  t=210.0ps  cv=-0.344  barrier=0.36 kcal/mol  8.8M steps/day
step  425000  t=212.5ps  cv=-0.455  barrier=0.36 kcal/mol  8.8M steps/day
step  430000  t=215.0ps  cv=-0.553  barrier=0.36 kcal/mol  8.7M steps/day
step  435000  t=217.5ps  cv=-0.513  barrier=0.36 kcal/mol  8.7M steps/day
step  440000  t=220.0ps  cv=-0.437  barrier=0.36 kcal/mol  8.7M steps/day
step  445000  t=222.5ps  cv=-0.486  barrier=0.36 kcal/mol  8.7M steps/day
step  450000  t=225.0ps  cv=-0.673  barrier=0.36 kcal/mol  8.7M steps/day
step  455000  t=227.5ps  cv=-0.614  barrier=0.36 kcal/mol  8.7M steps/day
step  460000  t=230.0ps  cv=-0.627  barrier=0.36 kcal/mol  8.7M steps/day
step  465000  t=232.5ps  cv=-0.505  barrier=0.36 kcal/mol  8.6M steps/day
step  470000  t=235.0ps  cv=-0.555  barrier=0.36 kcal/mol  8.6M steps/day
step  475000  t=237.5ps  cv=-0.371  barrier=0.36 kcal/mol  8.6M steps/day
step  480000  t=240.0ps  cv=-0.340  barrier=0.36 kcal/mol  8.6M steps/day
step  485000  t=242.5ps  cv=-0.399  barrier=0.36 kcal/mol  8.6M steps/day
step  490000  t=245.0ps  cv=-0.281  barrier=0.36 kcal/mol  8.6M steps/day
step  495000  t=247.5ps  cv=-0.254  barrier=0.36 kcal/mol  8.6M steps/day
step  500000  t=250.0ps  cv=-0.360  barrier=0.36 kcal/mol  8.6M steps/day
step  505000  t=252.5ps  cv=-0.305  barrier=0.36 kcal/mol  8.7M steps/day
step  510000  t=255.0ps  cv=-0.351  barrier=0.36 kcal/mol  8.7M steps/day
step  515000  t=257.5ps  cv=-0.395  barrier=0.36 kcal/mol  8.7M steps/day
step  520000  t=260.0ps  cv=-0.240  barrier=0.36 kcal/mol  8.7M steps/day
step  525000  t=262.5ps  cv=-0.235  barrier=0.36 kcal/mol  8.7M steps/day
step  530000  t=265.0ps  cv=-0.196  barrier=0.36 kcal/mol  8.7M steps/day
step  535000  t=267.5ps  cv=-0.271  barrier=0.36 kcal/mol  8.8M steps/day
step  540000  t=270.0ps  cv=-0.171  barrier=0.36 kcal/mol  8.8M steps/day
step  545000  t=272.5ps  cv=-0.178  barrier=0.36 kcal/mol  8.8M steps/day
step  550000  t=275.0ps  cv=-0.087  barrier=0.36 kcal/mol  8.8M steps/day
step  555000  t=277.5ps  cv=-0.151  barrier=0.36 kcal/mol  8.8M steps/day
step  560000  t=280.0ps  cv=-0.126  barrier=0.36 kcal/mol  8.8M steps/day
step  565000  t=282.5ps  cv=-0.268  barrier=0.36 kcal/mol  8.8M steps/day
step  570000  t=285.0ps  cv=-0.168  barrier=0.36 kcal/mol  8.9M steps/day
step  575000  t=287.5ps  cv=-0.148  barrier=0.36 kcal/mol  8.9M steps/day
step  580000  t=290.0ps  cv=-0.078  barrier=0.36 kcal/mol  8.9M steps/day
step  585000  t=292.5ps  cv=-0.069  barrier=0.36 kcal/mol  8.9M steps/day
step  590000  t=295.0ps  cv=-0.096  barrier=0.36 kcal/mol  8.9M steps/day
step  595000  t=297.5ps  cv=-0.225  barrier=0.36 kcal/mol  8.9M steps/day

=== RESULTS ===
Barrier : 0.3643 kcal/mol  (target: 1.52 +/- 0.15)
Speed   : 8.94 M steps/day  (target: > 5)
pass_barrier = False
pass_speed   = True
Saved: results_v3\seed_42.json
[run.sh] === Seed 42 done: Sun, May 10, 2026  3:04:37 PM ===
[run.sh] === Seed 123: Sun, May 10, 2026  3:04:37 PM ===
[GFN] checkpoint not found (checkpoints/gfn_fad.pt), using fallback FF
[init] CV0=-1.4624 Ang  n_steps=600000  T=200.0K
step    5000  t=2.5ps  cv=-1.406  barrier=33.22 kcal/mol  13.0M steps/day
step   10000  t=5.0ps  cv=-1.361  barrier=29.96 kcal/mol  12.7M steps/day
step   15000  t=7.5ps  cv=-1.143  barrier=25.10 kcal/mol  12.9M steps/day
step   20000  t=10.0ps  cv=-1.046  barrier=22.80 kcal/mol  12.9M steps/day
step   25000  t=12.5ps  cv=-0.967  barrier=15.87 kcal/mol  12.9M steps/day
step   30000  t=15.0ps  cv=-0.757  barrier=12.60 kcal/mol  12.9M steps/day
step   35000  t=17.5ps  cv=-0.740  barrier=9.94 kcal/mol  12.9M steps/day
step   40000  t=20.0ps  cv=-0.703  barrier=8.02 kcal/mol  12.9M steps/day
step   45000  t=22.5ps  cv=-0.484  barrier=3.14 kcal/mol  12.9M steps/day
step   50000  t=25.0ps  cv=-0.453  barrier=3.14 kcal/mol  12.9M steps/day
step   55000  t=27.5ps  cv=-0.612  barrier=3.14 kcal/mol  12.9M steps/day
step   60000  t=30.0ps  cv=-0.324  barrier=3.08 kcal/mol  12.9M steps/day
step   65000  t=32.5ps  cv=-0.214  barrier=1.43 kcal/mol  12.9M steps/day
step   70000  t=35.0ps  cv=-0.188  barrier=0.36 kcal/mol  12.9M steps/day
step   75000  t=37.5ps  cv=+0.199  barrier=0.32 kcal/mol  12.9M steps/day
step   80000  t=40.0ps  cv=+0.241  barrier=0.32 kcal/mol  12.9M steps/day
step   85000  t=42.5ps  cv=+0.170  barrier=0.32 kcal/mol  12.9M steps/day
step   90000  t=45.0ps  cv=+0.404  barrier=0.32 kcal/mol  12.9M steps/day
step   95000  t=47.5ps  cv=+0.487  barrier=0.32 kcal/mol  12.9M steps/day
step  100000  t=50.0ps  cv=+0.570  barrier=0.32 kcal/mol  12.9M steps/day
step  105000  t=52.5ps  cv=+0.737  barrier=0.32 kcal/mol  12.9M steps/day
step  110000  t=55.0ps  cv=+0.691  barrier=0.32 kcal/mol  12.8M steps/day
step  115000  t=57.5ps  cv=+0.550  barrier=0.32 kcal/mol  12.8M steps/day
step  120000  t=60.0ps  cv=+0.765  barrier=0.32 kcal/mol  12.7M steps/day
step  125000  t=62.5ps  cv=+0.830  barrier=0.32 kcal/mol  12.6M steps/day
step  130000  t=65.0ps  cv=+0.697  barrier=0.32 kcal/mol  12.5M steps/day
step  135000  t=67.5ps  cv=+0.904  barrier=0.32 kcal/mol  12.5M steps/day
step  140000  t=70.0ps  cv=+0.924  barrier=0.32 kcal/mol  12.4M steps/day
step  145000  t=72.5ps  cv=+0.797  barrier=0.32 kcal/mol  12.3M steps/day
step  150000  t=75.0ps  cv=+0.938  barrier=0.32 kcal/mol  12.3M steps/day
step  155000  t=77.5ps  cv=+0.841  barrier=0.32 kcal/mol  12.2M steps/day
step  160000  t=80.0ps  cv=+0.946  barrier=0.32 kcal/mol  12.2M steps/day
step  165000  t=82.5ps  cv=+0.851  barrier=0.32 kcal/mol  12.1M steps/day
step  170000  t=85.0ps  cv=+1.031  barrier=0.32 kcal/mol  12.1M steps/day
step  175000  t=87.5ps  cv=+0.853  barrier=0.32 kcal/mol  12.0M steps/day
step  180000  t=90.0ps  cv=+0.781  barrier=0.32 kcal/mol  12.0M steps/day
step  185000  t=92.5ps  cv=+0.722  barrier=0.32 kcal/mol  12.0M steps/day
step  190000  t=95.0ps  cv=+0.693  barrier=0.32 kcal/mol  11.9M steps/day
step  195000  t=97.5ps  cv=+0.792  barrier=0.32 kcal/mol  11.9M steps/day
step  200000  t=100.0ps  cv=+0.731  barrier=0.32 kcal/mol  11.8M steps/day
step  205000  t=102.5ps  cv=+0.688  barrier=0.32 kcal/mol  11.7M steps/day
step  210000  t=105.0ps  cv=+0.681  barrier=0.32 kcal/mol  11.6M steps/day
step  215000  t=107.5ps  cv=+0.425  barrier=0.32 kcal/mol  11.5M steps/day
step  220000  t=110.0ps  cv=+0.527  barrier=0.32 kcal/mol  11.4M steps/day
step  225000  t=112.5ps  cv=+0.309  barrier=0.32 kcal/mol  11.3M steps/day
step  230000  t=115.0ps  cv=+0.377  barrier=0.32 kcal/mol  11.2M steps/day
step  235000  t=117.5ps  cv=+0.386  barrier=0.32 kcal/mol  11.1M steps/day
step  240000  t=120.0ps  cv=+0.350  barrier=0.32 kcal/mol  11.0M steps/day
step  245000  t=122.5ps  cv=+0.271  barrier=0.32 kcal/mol  10.9M steps/day
step  250000  t=125.0ps  cv=+0.259  barrier=0.32 kcal/mol  10.8M steps/day
step  255000  t=127.5ps  cv=+0.234  barrier=0.32 kcal/mol  10.8M steps/day
step  260000  t=130.0ps  cv=+0.027  barrier=0.32 kcal/mol  10.7M steps/day
step  265000  t=132.5ps  cv=-0.055  barrier=0.32 kcal/mol  10.6M steps/day
step  270000  t=135.0ps  cv=-0.162  barrier=0.32 kcal/mol  10.6M steps/day
step  275000  t=137.5ps  cv=-0.310  barrier=0.32 kcal/mol  10.5M steps/day
step  280000  t=140.0ps  cv=-0.262  barrier=0.32 kcal/mol  10.4M steps/day
step  285000  t=142.5ps  cv=-0.267  barrier=0.32 kcal/mol  10.4M steps/day
step  290000  t=145.0ps  cv=-0.262  barrier=0.32 kcal/mol  10.3M steps/day
step  295000  t=147.5ps  cv=-0.185  barrier=0.32 kcal/mol  10.3M steps/day
step  300000  t=150.0ps  cv=-0.063  barrier=0.32 kcal/mol  10.2M steps/day
step  305000  t=152.5ps  cv=+0.010  barrier=0.32 kcal/mol  10.2M steps/day
step  310000  t=155.0ps  cv=-0.011  barrier=0.32 kcal/mol  10.1M steps/day
step  315000  t=157.5ps  cv=+0.067  barrier=0.32 kcal/mol  10.1M steps/day
step  320000  t=160.0ps  cv=+0.153  barrier=0.32 kcal/mol  10.0M steps/day
step  325000  t=162.5ps  cv=+0.158  barrier=0.32 kcal/mol  10.0M steps/day
step  330000  t=165.0ps  cv=-0.033  barrier=0.32 kcal/mol  9.9M steps/day
step  335000  t=167.5ps  cv=+0.075  barrier=0.32 kcal/mol  9.9M steps/day
step  340000  t=170.0ps  cv=+0.190  barrier=0.32 kcal/mol  9.9M steps/day
step  345000  t=172.5ps  cv=+0.169  barrier=0.32 kcal/mol  9.8M steps/day
step  350000  t=175.0ps  cv=+0.261  barrier=0.32 kcal/mol  9.8M steps/day
step  355000  t=177.5ps  cv=+0.157  barrier=0.32 kcal/mol  9.8M steps/day
step  360000  t=180.0ps  cv=+0.239  barrier=0.32 kcal/mol  9.7M steps/day
step  365000  t=182.5ps  cv=+0.112  barrier=0.32 kcal/mol  9.7M steps/day
step  370000  t=185.0ps  cv=+0.052  barrier=0.32 kcal/mol  9.6M steps/day
step  375000  t=187.5ps  cv=-0.134  barrier=0.32 kcal/mol  9.6M steps/day
step  380000  t=190.0ps  cv=-0.110  barrier=0.32 kcal/mol  9.6M steps/day
step  385000  t=192.5ps  cv=-0.189  barrier=0.32 kcal/mol  9.6M steps/day
step  390000  t=195.0ps  cv=-0.160  barrier=0.32 kcal/mol  9.5M steps/day
step  395000  t=197.5ps  cv=-0.365  barrier=0.32 kcal/mol  9.5M steps/day
step  400000  t=200.0ps  cv=-0.371  barrier=0.32 kcal/mol  9.5M steps/day
step  405000  t=202.5ps  cv=-0.348  barrier=0.32 kcal/mol  9.4M steps/day
step  410000  t=205.0ps  cv=-0.448  barrier=0.32 kcal/mol  9.4M steps/day
step  415000  t=207.5ps  cv=-0.450  barrier=0.32 kcal/mol  9.4M steps/day
step  420000  t=210.0ps  cv=-0.570  barrier=0.32 kcal/mol  9.4M steps/day
step  425000  t=212.5ps  cv=-0.625  barrier=0.32 kcal/mol  9.3M steps/day
step  430000  t=215.0ps  cv=-0.653  barrier=0.32 kcal/mol  9.3M steps/day
step  435000  t=217.5ps  cv=-0.610  barrier=0.32 kcal/mol  9.3M steps/day
step  440000  t=220.0ps  cv=-0.539  barrier=0.32 kcal/mol  9.3M steps/day
step  445000  t=222.5ps  cv=-0.507  barrier=0.32 kcal/mol  9.2M steps/day
step  450000  t=225.0ps  cv=-0.576  barrier=0.32 kcal/mol  9.2M steps/day
step  455000  t=227.5ps  cv=-0.627  barrier=0.32 kcal/mol  9.2M steps/day
step  460000  t=230.0ps  cv=-0.393  barrier=0.32 kcal/mol  9.2M steps/day
step  465000  t=232.5ps  cv=-0.437  barrier=0.32 kcal/mol  9.1M steps/day
step  470000  t=235.0ps  cv=-0.455  barrier=0.32 kcal/mol  9.1M steps/day
step  475000  t=237.5ps  cv=-0.726  barrier=0.32 kcal/mol  9.1M steps/day
step  480000  t=240.0ps  cv=-0.738  barrier=0.32 kcal/mol  9.1M steps/day
step  485000  t=242.5ps  cv=-0.676  barrier=0.32 kcal/mol  9.1M steps/day
step  490000  t=245.0ps  cv=-0.798  barrier=0.32 kcal/mol  9.0M steps/day
step  495000  t=247.5ps  cv=-0.867  barrier=0.32 kcal/mol  9.0M steps/day
step  500000  t=250.0ps  cv=-0.917  barrier=0.32 kcal/mol  9.0M steps/day
step  505000  t=252.5ps  cv=-0.911  barrier=0.32 kcal/mol  9.0M steps/day
step  510000  t=255.0ps  cv=-0.926  barrier=0.32 kcal/mol  9.0M steps/day
step  515000  t=257.5ps  cv=-0.994  barrier=0.32 kcal/mol  8.9M steps/day
step  520000  t=260.0ps  cv=-0.861  barrier=0.32 kcal/mol  8.9M steps/day
step  525000  t=262.5ps  cv=-0.942  barrier=0.32 kcal/mol  8.9M steps/day
step  530000  t=265.0ps  cv=-0.913  barrier=0.32 kcal/mol  8.9M steps/day
step  535000  t=267.5ps  cv=-1.035  barrier=0.32 kcal/mol  8.9M steps/day
step  540000  t=270.0ps  cv=-1.034  barrier=0.32 kcal/mol  8.8M steps/day
step  545000  t=272.5ps  cv=-0.822  barrier=0.32 kcal/mol  8.8M steps/day
step  550000  t=275.0ps  cv=-0.787  barrier=0.32 kcal/mol  8.8M steps/day
step  555000  t=277.5ps  cv=-0.741  barrier=0.32 kcal/mol  8.8M steps/day
step  560000  t=280.0ps  cv=-0.733  barrier=0.32 kcal/mol  8.8M steps/day
step  565000  t=282.5ps  cv=-0.732  barrier=0.32 kcal/mol  8.8M steps/day
step  570000  t=285.0ps  cv=-0.702  barrier=0.32 kcal/mol  8.7M steps/day
step  575000  t=287.5ps  cv=-0.758  barrier=0.32 kcal/mol  8.7M steps/day
step  580000  t=290.0ps  cv=-0.652  barrier=0.32 kcal/mol  8.7M steps/day
step  585000  t=292.5ps  cv=-0.758  barrier=0.32 kcal/mol  8.7M steps/day
step  590000  t=295.0ps  cv=-0.823  barrier=0.32 kcal/mol  8.7M steps/day
step  595000  t=297.5ps  cv=-0.683  barrier=0.32 kcal/mol  8.7M steps/day

=== RESULTS ===
Barrier : 0.3222 kcal/mol  (target: 1.52 +/- 0.15)
Speed   : 8.64 M steps/day  (target: > 5)
pass_barrier = False
pass_speed   = True
Saved: results_v3\seed_123.json
[run.sh] === Seed 123 done: Sun, May 10, 2026  4:44:38 PM ===
[run.sh] === Seed 7: Sun, May 10, 2026  4:44:38 PM ===
[GFN] checkpoint not found (checkpoints/gfn_fad.pt), using fallback FF
[init] CV0=-1.4556 Ang  n_steps=600000  T=200.0K
step    5000  t=2.5ps  cv=-1.263  barrier=32.95 kcal/mol  8.8M steps/day
step   10000  t=5.0ps  cv=-1.361  barrier=32.63 kcal/mol  8.8M steps/day
step   15000  t=7.5ps  cv=-1.241  barrier=29.08 kcal/mol  8.7M steps/day
step   20000  t=10.0ps  cv=-1.111  barrier=25.65 kcal/mol  8.7M steps/day
step   25000  t=12.5ps  cv=-1.121  barrier=21.60 kcal/mol  8.7M steps/day
step   30000  t=15.0ps  cv=-0.924  barrier=15.69 kcal/mol  8.7M steps/day
step   35000  t=17.5ps  cv=-1.008  barrier=12.91 kcal/mol  8.7M steps/day
step   40000  t=20.0ps  cv=-1.062  barrier=12.91 kcal/mol  8.6M steps/day
step   45000  t=22.5ps  cv=-0.990  barrier=12.91 kcal/mol  8.6M steps/day
step   50000  t=25.0ps  cv=-0.804  barrier=11.05 kcal/mol  8.6M steps/day
step   55000  t=27.5ps  cv=-0.710  barrier=8.20 kcal/mol  8.6M steps/day
step   60000  t=30.0ps  cv=-0.549  barrier=7.15 kcal/mol  8.6M steps/day
step   65000  t=32.5ps  cv=-0.451  barrier=3.03 kcal/mol  8.6M steps/day
step   70000  t=35.0ps  cv=-0.394  barrier=2.99 kcal/mol  8.6M steps/day
step   75000  t=37.5ps  cv=-0.183  barrier=1.12 kcal/mol  8.5M steps/day
step   80000  t=40.0ps  cv=-0.178  barrier=0.86 kcal/mol  8.5M steps/day
step   85000  t=42.5ps  cv=-0.078  barrier=0.79 kcal/mol  8.5M steps/day
step   90000  t=45.0ps  cv=+0.048  barrier=0.67 kcal/mol  8.5M steps/day
step   95000  t=47.5ps  cv=+0.210  barrier=0.37 kcal/mol  8.5M steps/day
step  100000  t=50.0ps  cv=+0.327  barrier=0.37 kcal/mol  8.5M steps/day
step  105000  t=52.5ps  cv=+0.314  barrier=0.37 kcal/mol  8.5M steps/day
step  110000  t=55.0ps  cv=+0.503  barrier=0.37 kcal/mol  8.5M steps/day
step  115000  t=57.5ps  cv=+0.449  barrier=0.37 kcal/mol  8.5M steps/day
step  120000  t=60.0ps  cv=+0.471  barrier=0.37 kcal/mol  8.5M steps/day
step  125000  t=62.5ps  cv=+0.614  barrier=0.37 kcal/mol  8.5M steps/day
step  130000  t=65.0ps  cv=+0.819  barrier=0.37 kcal/mol  8.5M steps/day
step  135000  t=67.5ps  cv=+0.866  barrier=0.37 kcal/mol  8.5M steps/day
step  140000  t=70.0ps  cv=+0.922  barrier=0.37 kcal/mol  8.4M steps/day
step  145000  t=72.5ps  cv=+0.983  barrier=0.37 kcal/mol  8.4M steps/day
step  150000  t=75.0ps  cv=+1.034  barrier=0.37 kcal/mol  8.4M steps/day
step  155000  t=77.5ps  cv=+1.208  barrier=0.37 kcal/mol  8.4M steps/day
step  160000  t=80.0ps  cv=+1.217  barrier=0.37 kcal/mol  8.4M steps/day
step  165000  t=82.5ps  cv=+1.300  barrier=0.37 kcal/mol  8.4M steps/day
step  170000  t=85.0ps  cv=+1.422  barrier=0.37 kcal/mol  8.4M steps/day
step  175000  t=87.5ps  cv=+1.339  barrier=0.37 kcal/mol  8.4M steps/day
step  180000  t=90.0ps  cv=+1.525  barrier=0.37 kcal/mol  8.4M steps/day
step  185000  t=92.5ps  cv=+1.385  barrier=0.37 kcal/mol  8.4M steps/day
step  190000  t=95.0ps  cv=+1.415  barrier=0.37 kcal/mol  8.4M steps/day
step  195000  t=97.5ps  cv=+1.423  barrier=0.37 kcal/mol  8.4M steps/day
step  200000  t=100.0ps  cv=+1.539  barrier=0.37 kcal/mol  8.4M steps/day
step  205000  t=102.5ps  cv=+1.579  barrier=0.37 kcal/mol  8.5M steps/day
step  210000  t=105.0ps  cv=+1.196  barrier=0.37 kcal/mol  8.5M steps/day
step  215000  t=107.5ps  cv=+1.199  barrier=0.37 kcal/mol  8.6M steps/day
step  220000  t=110.0ps  cv=+1.093  barrier=0.37 kcal/mol  8.6M steps/day
step  225000  t=112.5ps  cv=+1.111  barrier=0.37 kcal/mol  8.7M steps/day
step  230000  t=115.0ps  cv=+1.075  barrier=0.37 kcal/mol  8.8M steps/day
step  235000  t=117.5ps  cv=+0.998  barrier=0.37 kcal/mol  8.8M steps/day
step  240000  t=120.0ps  cv=+0.991  barrier=0.37 kcal/mol  8.9M steps/day
step  245000  t=122.5ps  cv=+1.063  barrier=0.37 kcal/mol  8.9M steps/day
step  250000  t=125.0ps  cv=+1.020  barrier=0.37 kcal/mol  8.9M steps/day
step  255000  t=127.5ps  cv=+0.880  barrier=0.37 kcal/mol  9.0M steps/day
step  260000  t=130.0ps  cv=+0.846  barrier=0.37 kcal/mol  9.0M steps/day
step  265000  t=132.5ps  cv=+0.881  barrier=0.37 kcal/mol  9.1M steps/day
step  270000  t=135.0ps  cv=+0.850  barrier=0.37 kcal/mol  9.1M steps/day
step  275000  t=137.5ps  cv=+0.863  barrier=0.37 kcal/mol  9.2M steps/day
step  280000  t=140.0ps  cv=+0.707  barrier=0.37 kcal/mol  9.2M steps/day
step  285000  t=142.5ps  cv=+0.776  barrier=0.37 kcal/mol  9.2M steps/day
step  290000  t=145.0ps  cv=+0.625  barrier=0.37 kcal/mol  9.3M steps/day
step  295000  t=147.5ps  cv=+0.619  barrier=0.37 kcal/mol  9.3M steps/day
step  300000  t=150.0ps  cv=+0.616  barrier=0.37 kcal/mol  9.3M steps/day
step  305000  t=152.5ps  cv=+0.654  barrier=0.37 kcal/mol  9.4M steps/day
step  310000  t=155.0ps  cv=+0.660  barrier=0.37 kcal/mol  9.4M steps/day
step  315000  t=157.5ps  cv=+0.610  barrier=0.37 kcal/mol  9.4M steps/day
step  320000  t=160.0ps  cv=+0.741  barrier=0.37 kcal/mol  9.5M steps/day
step  325000  t=162.5ps  cv=+0.675  barrier=0.37 kcal/mol  9.5M steps/day
step  330000  t=165.0ps  cv=+0.670  barrier=0.37 kcal/mol  9.5M steps/day
step  335000  t=167.5ps  cv=+0.699  barrier=0.37 kcal/mol  9.5M steps/day
step  340000  t=170.0ps  cv=+0.703  barrier=0.37 kcal/mol  9.6M steps/day
step  345000  t=172.5ps  cv=+0.605  barrier=0.37 kcal/mol  9.6M steps/day
step  350000  t=175.0ps  cv=+0.551  barrier=0.37 kcal/mol  9.6M steps/day
step  355000  t=177.5ps  cv=+0.501  barrier=0.37 kcal/mol  9.6M steps/day
step  360000  t=180.0ps  cv=+0.351  barrier=0.37 kcal/mol  9.7M steps/day
step  365000  t=182.5ps  cv=+0.388  barrier=0.37 kcal/mol  9.7M steps/day
step  370000  t=185.0ps  cv=+0.287  barrier=0.37 kcal/mol  9.7M steps/day
step  375000  t=187.5ps  cv=+0.231  barrier=0.37 kcal/mol  9.7M steps/day
step  380000  t=190.0ps  cv=+0.278  barrier=0.37 kcal/mol  9.7M steps/day
step  385000  t=192.5ps  cv=+0.044  barrier=0.37 kcal/mol  9.8M steps/day
step  390000  t=195.0ps  cv=+0.071  barrier=0.37 kcal/mol  9.8M steps/day
step  395000  t=197.5ps  cv=+0.150  barrier=0.37 kcal/mol  9.8M steps/day
step  400000  t=200.0ps  cv=+0.167  barrier=0.37 kcal/mol  9.8M steps/day
step  405000  t=202.5ps  cv=+0.198  barrier=0.37 kcal/mol  9.8M steps/day
step  410000  t=205.0ps  cv=+0.295  barrier=0.37 kcal/mol  9.9M steps/day
step  415000  t=207.5ps  cv=+0.357  barrier=0.37 kcal/mol  9.9M steps/day
step  420000  t=210.0ps  cv=+0.249  barrier=0.37 kcal/mol  9.9M steps/day
step  425000  t=212.5ps  cv=+0.386  barrier=0.37 kcal/mol  9.9M steps/day
step  430000  t=215.0ps  cv=+0.391  barrier=0.37 kcal/mol  9.9M steps/day
step  435000  t=217.5ps  cv=+0.300  barrier=0.37 kcal/mol  9.9M steps/day
step  440000  t=220.0ps  cv=+0.335  barrier=0.37 kcal/mol  9.9M steps/day
step  445000  t=222.5ps  cv=+0.264  barrier=0.37 kcal/mol  10.0M steps/day
step  450000  t=225.0ps  cv=+0.128  barrier=0.37 kcal/mol  10.0M steps/day
step  455000  t=227.5ps  cv=+0.167  barrier=0.37 kcal/mol  10.0M steps/day
step  460000  t=230.0ps  cv=+0.027  barrier=0.37 kcal/mol  10.0M steps/day
step  465000  t=232.5ps  cv=-0.038  barrier=0.37 kcal/mol  10.0M steps/day
step  470000  t=235.0ps  cv=-0.007  barrier=0.37 kcal/mol  10.0M steps/day
step  475000  t=237.5ps  cv=-0.083  barrier=0.37 kcal/mol  10.0M steps/day
step  480000  t=240.0ps  cv=-0.005  barrier=0.37 kcal/mol  10.0M steps/day
step  485000  t=242.5ps  cv=-0.172  barrier=0.37 kcal/mol  10.0M steps/day
step  490000  t=245.0ps  cv=-0.218  barrier=0.37 kcal/mol  10.1M steps/day
step  495000  t=247.5ps  cv=-0.357  barrier=0.37 kcal/mol  10.1M steps/day
step  500000  t=250.0ps  cv=-0.274  barrier=0.37 kcal/mol  10.1M steps/day
step  505000  t=252.5ps  cv=-0.425  barrier=0.37 kcal/mol  10.1M steps/day
step  510000  t=255.0ps  cv=-0.413  barrier=0.37 kcal/mol  10.1M steps/day
step  515000  t=257.5ps  cv=-0.458  barrier=0.37 kcal/mol  10.1M steps/day
step  520000  t=260.0ps  cv=-0.473  barrier=0.37 kcal/mol  10.1M steps/day
step  525000  t=262.5ps  cv=-0.474  barrier=0.37 kcal/mol  10.1M steps/day
step  530000  t=265.0ps  cv=-0.546  barrier=0.37 kcal/mol  10.1M steps/day
step  535000  t=267.5ps  cv=-0.569  barrier=0.37 kcal/mol  10.1M steps/day
step  540000  t=270.0ps  cv=-0.538  barrier=0.37 kcal/mol  10.1M steps/day
step  545000  t=272.5ps  cv=-0.484  barrier=0.37 kcal/mol  10.1M steps/day
step  550000  t=275.0ps  cv=-0.552  barrier=0.37 kcal/mol  10.1M steps/day
step  555000  t=277.5ps  cv=-0.495  barrier=0.37 kcal/mol  10.2M steps/day
step  560000  t=280.0ps  cv=-0.558  barrier=0.37 kcal/mol  10.2M steps/day
step  565000  t=282.5ps  cv=-0.505  barrier=0.37 kcal/mol  10.2M steps/day
step  570000  t=285.0ps  cv=-0.693  barrier=0.37 kcal/mol  10.2M steps/day
step  575000  t=287.5ps  cv=-0.535  barrier=0.37 kcal/mol  10.2M steps/day
step  580000  t=290.0ps  cv=-0.807  barrier=0.37 kcal/mol  10.2M steps/day
step  585000  t=292.5ps  cv=-0.848  barrier=0.37 kcal/mol  10.2M steps/day
step  590000  t=295.0ps  cv=-0.893  barrier=0.37 kcal/mol  10.2M steps/day
step  595000  t=297.5ps  cv=-0.834  barrier=0.37 kcal/mol  10.2M steps/day

=== RESULTS ===
Barrier : 0.3694 kcal/mol  (target: 1.52 +/- 0.15)
Speed   : 10.20 M steps/day  (target: > 5)
pass_barrier = False
pass_speed   = True
Saved: results_v3\seed_7.json
[run.sh] === Seed 7 done: Sun, May 10, 2026  6:09:22 PM ===
[run.sh] All seeds complete: Sun, May 10, 2026  6:09:22 PM
