[run.sh] OPES-PIMD Stage 8 starting: Sat, May  9, 2026  9:27:33 PM
[run.sh] Python: python
[run.sh] Output: /c/Users/zonezone/Desktop/YCU_research/MetaDynamics/OmegaWiki/experiments/code/opes-pimd-fad-proton-transfer-convergence/results_v9

[run.sh] === Seed 42 starting: Sat, May  9, 2026  9:27:33 PM ===

============================================================
[OPES-PIMD] seed=42  n_steps=600000  T=200.0K
[GFN] using FallbackFF (GPU double-well)
[PIMD] device=GPU (CUDA)
[init] CV0=-1.4833 Ang  gamma=37.08
step   20000  t=10.0ps  cv=-1.501  barrier=17.29 kcal/mol  7.5M steps/day
step   40000  t=20.0ps  cv=-1.438  barrier=17.39 kcal/mol  7.6M steps/day
step   60000  t=30.0ps  cv=-1.343  barrier=17.14 kcal/mol  7.6M steps/day
step   80000  t=40.0ps  cv=-1.264  barrier=15.76 kcal/mol  7.6M steps/day
step  100000  t=50.0ps  cv=-1.233  barrier=14.94 kcal/mol  7.6M steps/day
step  120000  t=60.0ps  cv=-1.135  barrier=11.08 kcal/mol  7.6M steps/day
step  140000  t=70.0ps  cv=-0.913  barrier=9.44 kcal/mol  7.5M steps/day
step  160000  t=80.0ps  cv=-1.021  barrier=9.11 kcal/mol  7.6M steps/day
step  180000  t=90.0ps  cv=-1.142  barrier=9.03 kcal/mol  7.6M steps/day
step  200000  t=100.0ps  cv=-0.932  barrier=8.77 kcal/mol  7.7M steps/day
step  220000  t=110.0ps  cv=-1.016  barrier=8.62 kcal/mol  7.8M steps/day
step  240000  t=120.0ps  cv=-0.818  barrier=8.05 kcal/mol  7.9M steps/day
step  260000  t=130.0ps  cv=-0.818  barrier=6.76 kcal/mol  8.0M steps/day
step  280000  t=140.0ps  cv=-0.644  barrier=5.58 kcal/mol  8.0M steps/day
step  300000  t=150.0ps  cv=-0.675  barrier=4.79 kcal/mol  8.1M steps/day
step  320000  t=160.0ps  cv=-0.564  barrier=4.04 kcal/mol  8.1M steps/day
step  340000  t=170.0ps  cv=-0.557  barrier=3.34 kcal/mol  8.1M steps/day
step  360000  t=180.0ps  cv=-0.609  barrier=3.19 kcal/mol  8.2M steps/day
step  380000  t=190.0ps  cv=-0.575  barrier=2.99 kcal/mol  8.2M steps/day
step  400000  t=200.0ps  cv=-0.526  barrier=2.85 kcal/mol  8.2M steps/day
step  420000  t=210.0ps  cv=-0.505  barrier=2.67 kcal/mol  8.2M steps/day
step  440000  t=220.0ps  cv=-0.540  barrier=2.64 kcal/mol  8.2M steps/day
step  460000  t=230.0ps  cv=-0.532  barrier=2.58 kcal/mol  8.2M steps/day
step  480000  t=240.0ps  cv=-0.646  barrier=2.55 kcal/mol  8.2M steps/day
step  500000  t=250.0ps  cv=-0.527  barrier=2.55 kcal/mol  8.2M steps/day
step  520000  t=260.0ps  cv=-0.640  barrier=2.48 kcal/mol  8.2M steps/day
step  540000  t=270.0ps  cv=-0.461  barrier=2.41 kcal/mol  8.2M steps/day
step  560000  t=280.0ps  cv=-0.413  barrier=2.33 kcal/mol  8.3M steps/day
step  580000  t=290.0ps  cv=-0.415  barrier=2.12 kcal/mol  8.3M steps/day

--- seed 42 RESULTS ---
Barrier : 1.9519 kcal/mol  (target: 1.52 +/- 0.15)
Speed   : 8.25 M steps/day  (target: > 5)
pass_barrier = False
pass_speed   = True
Saved: results_v9\seed_42.json
[run.sh] === Seed 42 done: Sat, May  9, 2026 11:12:21 PM ===

[run.sh] === Seed 123 starting: Sat, May  9, 2026 11:12:21 PM ===

============================================================
[OPES-PIMD] seed=123  n_steps=600000  T=200.0K
[GFN] using FallbackFF (GPU double-well)
[PIMD] device=GPU (CUDA)
[init] CV0=-1.4624 Ang  gamma=37.08
step   20000  t=10.0ps  cv=-1.381  barrier=16.34 kcal/mol  9.3M steps/day
step   40000  t=20.0ps  cv=-1.231  barrier=13.84 kcal/mol  9.1M steps/day
step   60000  t=30.0ps  cv=-1.153  barrier=12.45 kcal/mol  9.1M steps/day
step   80000  t=40.0ps  cv=-1.179  barrier=12.14 kcal/mol  9.1M steps/day
step  100000  t=50.0ps  cv=-1.123  barrier=11.46 kcal/mol  9.0M steps/day
step  120000  t=60.0ps  cv=-1.162  barrier=11.33 kcal/mol  9.0M steps/day
step  140000  t=70.0ps  cv=-1.124  barrier=10.87 kcal/mol  9.0M steps/day
step  160000  t=80.0ps  cv=-1.176  barrier=10.77 kcal/mol  8.9M steps/day
step  180000  t=90.0ps  cv=-1.016  barrier=10.51 kcal/mol  8.9M steps/day
step  200000  t=100.0ps  cv=-0.922  barrier=10.05 kcal/mol  8.9M steps/day
step  220000  t=110.0ps  cv=-0.954  barrier=9.65 kcal/mol  8.9M steps/day
step  240000  t=120.0ps  cv=-0.929  barrier=8.42 kcal/mol  8.9M steps/day
step  260000  t=130.0ps  cv=-0.911  barrier=7.55 kcal/mol  8.9M steps/day
step  280000  t=140.0ps  cv=-0.893  barrier=7.01 kcal/mol  8.9M steps/day
step  300000  t=150.0ps  cv=-0.883  barrier=6.96 kcal/mol  8.8M steps/day
step  320000  t=160.0ps  cv=-0.787  barrier=6.70 kcal/mol  8.7M steps/day
step  340000  t=170.0ps  cv=-0.803  barrier=6.21 kcal/mol  8.6M steps/day
step  360000  t=180.0ps  cv=-0.899  barrier=6.15 kcal/mol  8.5M steps/day
step  380000  t=190.0ps  cv=-0.954  barrier=6.17 kcal/mol  8.4M steps/day
step  400000  t=200.0ps  cv=-0.844  barrier=6.15 kcal/mol  8.4M steps/day
step  420000  t=210.0ps  cv=-0.663  barrier=5.53 kcal/mol  8.3M steps/day
step  440000  t=220.0ps  cv=-0.711  barrier=5.34 kcal/mol  8.2M steps/day
step  460000  t=230.0ps  cv=-0.715  barrier=5.19 kcal/mol  8.1M steps/day
step  480000  t=240.0ps  cv=-0.663  barrier=5.02 kcal/mol  8.1M steps/day
step  500000  t=250.0ps  cv=-0.758  barrier=5.00 kcal/mol  8.0M steps/day
step  520000  t=260.0ps  cv=-0.626  barrier=4.36 kcal/mol  7.9M steps/day
step  540000  t=270.0ps  cv=-0.683  barrier=4.30 kcal/mol  7.9M steps/day
step  560000  t=280.0ps  cv=-0.571  barrier=4.20 kcal/mol  7.7M steps/day
step  580000  t=290.0ps  cv=-0.556  barrier=3.82 kcal/mol  7.5M steps/day

--- seed 123 RESULTS ---
Barrier : 3.5900 kcal/mol  (target: 1.52 +/- 0.15)
Speed   : 7.45 M steps/day  (target: > 5)
pass_barrier = False
pass_speed   = True
Saved: results_v9\seed_123.json
[run.sh] === Seed 123 done: Sun, May 10, 2026  1:08:24 AM ===

[run.sh] === Seed 7 starting: Sun, May 10, 2026  1:08:24 AM ===

============================================================
[OPES-PIMD] seed=7  n_steps=600000  T=200.0K
[GFN] using FallbackFF (GPU double-well)
[PIMD] device=GPU (CUDA)
[init] CV0=-1.4556 Ang  gamma=37.08
step   20000  t=10.0ps  cv=-1.300  barrier=15.29 kcal/mol  6.9M steps/day
step   40000  t=20.0ps  cv=-1.208  barrier=13.08 kcal/mol  6.8M steps/day
step   60000  t=30.0ps  cv=-1.071  barrier=10.92 kcal/mol  6.8M steps/day
step   80000  t=40.0ps  cv=-1.034  barrier=10.66 kcal/mol  6.8M steps/day
step  100000  t=50.0ps  cv=-1.020  barrier=10.03 kcal/mol  6.8M steps/day
step  120000  t=60.0ps  cv=-0.899  barrier=8.26 kcal/mol  6.8M steps/day
step  140000  t=70.0ps  cv=-0.857  barrier=7.84 kcal/mol  6.8M steps/day
step  160000  t=80.0ps  cv=-1.013  barrier=7.47 kcal/mol  6.8M steps/day
step  180000  t=90.0ps  cv=-0.973  barrier=7.48 kcal/mol  6.8M steps/day
step  200000  t=100.0ps  cv=-0.948  barrier=7.48 kcal/mol  6.7M steps/day
step  220000  t=110.0ps  cv=-0.820  barrier=7.21 kcal/mol  6.7M steps/day
step  240000  t=120.0ps  cv=-0.873  barrier=7.06 kcal/mol  6.7M steps/day
step  260000  t=130.0ps  cv=-0.935  barrier=7.06 kcal/mol  6.7M steps/day
step  280000  t=140.0ps  cv=-0.985  barrier=7.07 kcal/mol  6.7M steps/day
step  300000  t=150.0ps  cv=-0.916  barrier=7.09 kcal/mol  6.7M steps/day
step  320000  t=160.0ps  cv=-0.937  barrier=7.07 kcal/mol  6.6M steps/day
step  340000  t=170.0ps  cv=-0.965  barrier=7.09 kcal/mol  6.6M steps/day
step  360000  t=180.0ps  cv=-0.959  barrier=7.11 kcal/mol  6.6M steps/day
step  380000  t=190.0ps  cv=-0.881  barrier=6.73 kcal/mol  6.6M steps/day
step  400000  t=200.0ps  cv=-0.861  barrier=6.60 kcal/mol  6.6M steps/day
step  420000  t=210.0ps  cv=-0.916  barrier=6.58 kcal/mol  6.6M steps/day
step  440000  t=220.0ps  cv=-0.794  barrier=6.55 kcal/mol  6.6M steps/day
step  460000  t=230.0ps  cv=-0.822  barrier=6.53 kcal/mol  6.6M steps/day
step  480000  t=240.0ps  cv=-0.901  barrier=6.48 kcal/mol  6.6M steps/day
step  500000  t=250.0ps  cv=-0.767  barrier=6.22 kcal/mol  6.6M steps/day
step  520000  t=260.0ps  cv=-0.933  barrier=6.12 kcal/mol  6.5M steps/day
step  540000  t=270.0ps  cv=-0.886  barrier=6.13 kcal/mol  6.5M steps/day
step  560000  t=280.0ps  cv=-0.822  barrier=6.14 kcal/mol  6.5M steps/day
step  580000  t=290.0ps  cv=-0.922  barrier=6.15 kcal/mol  6.5M steps/day

--- seed 7 RESULTS ---
Barrier : 6.1496 kcal/mol  (target: 1.52 +/- 0.15)
Speed   : 6.50 M steps/day  (target: > 5)
pass_barrier = False
pass_speed   = True
Saved: results_v9\seed_7.json
[run.sh] === Seed 7 done: Sun, May 10, 2026  3:21:32 AM ===

[run.sh] All seeds complete: Sun, May 10, 2026  3:21:32 AM
[run.sh] Results in /c/Users/zonezone/Desktop/YCU_research/MetaDynamics/OmegaWiki/experiments/code/opes-pimd-fad-proton-transfer-convergence/results_v9/seed_*.json
[run.sh] FES snapshots in /c/Users/zonezone/Desktop/YCU_research/MetaDynamics/OmegaWiki/experiments/code/opes-pimd-fad-proton-transfer-convergence/results_v8/fes_snapshots/
