=== Experiment wt-metad-pimd-fad-physnet-baseline launched 05/14/2026 14:48:55 ===
=== SEED 42 started 2026/05/14 週四 14:48:56.05 === 
C:\Users\zonezone\Desktop\YCU_research\MetaDynamics\OmegaWiki\experiments\code\opes-pimd-fad-proton-transfer-convergence\physnet_fad\Physnet_v2\layers\NeuronLayer.py:12: UserWarning: Do not pass an `input_shape`/`input_dim` argument to a layer. When using Sequential models, prefer using an `Input(shape)` object as the first layer in the model instead.
  super(NeuronLayer, self).__init__(input_dim=n_in)
WARNING:tensorflow:From C:\Users\zonezone\Desktop\YCU_research\MetaDynamics\OmegaWiki\experiments\code\opes-pimd-fad-proton-transfer-convergence\physnet_fad\Physnet_v2\layers\DenseLayer.py:32: The name tf.add_to_collection is deprecated. Please use tf.compat.v1.add_to_collection instead.

C:\Users\zonezone\miniforge3\envs\zong-test\Lib\site-packages\tensorflow\python\util\numpy_compat.py:47: RuntimeWarning: overflow encountered in cast
  return np.array(values, copy=copy, order=order).astype(dtype)
[PhysNetFF] loaded: C:\Users\zonezone\Desktop\YCU_research\MetaDynamics\OmegaWiki\experiments\code\opes-pimd-fad-proton-transfer-convergence\physnet_fad\Final_Fit\best\best_model
[init] seed=42  CV0=-1.4833 Ang  n_steps=600000  T=200.0K
[init] h=3.0 kJ/mol  biasfactor=50  sigma=0.05  PACE=200
step   10000  t=5.0ps  cv=-1.601  cv_max=-1.191  barrier=30.83 kcal/mol  0.67M/day
step   20000  t=10.0ps  cv=-1.153  cv_max=-1.153  barrier=29.16 kcal/mol  0.65M/day
step   30000  t=15.0ps  cv=-1.455  cv_max=-1.121  barrier=27.68 kcal/mol  0.60M/day
step   40000  t=20.0ps  cv=-1.332  cv_max=-1.081  barrier=26.19 kcal/mol  0.56M/day
step   50000  t=25.0ps  cv=-1.347  cv_max=-1.081  barrier=26.19 kcal/mol  0.56M/day
step   60000  t=30.0ps  cv=-1.313  cv_max=-1.002  barrier=22.93 kcal/mol  0.56M/day
=== SEED 42 done 2026/05/14 週四 17:37:37.61 === 
=== SEED 123 started 2026/05/14 週四 17:37:37.61 === 
=== SEED 123 done 2026/05/14 週四 17:37:37.91 === 
=== SEED 7 started 2026/05/14 週四 17:37:37.91 === 
=== SEED 7 done 2026/05/14 週四 17:37:38.14 === 
=== ALL DONE 2026/05/14 週四 17:37:38.14 === 
