C:\Users\zonezone\miniforge3\envs\zong-test\Lib\site-packages\e3nn\o3\_wigner.py:10: UserWarning: Environment variable TORCH_FORCE_NO_WEIGHTS_ONLY_LOAD detected, since the`weights_only` argument was not explicitly passed to `torch.load`, forcing weights_only=False.
  _Jd, _W3j_flat, _W3j_indices = torch.load(os.path.join(os.path.dirname(__file__), 'constants.pt'))
cuequivariance or cuequivariance_torch is not available. Cuequivariance acceleration will be disabled.
Using MACE-OFF23 MODEL for MACECalculator with C:\Users\zonezone\.cache\mace/MACE-OFF23_small.model
Using float64 for MACECalculator, which is slower but more accurate. Recommended for geometry optimization.
C:\Users\zonezone\miniforge3\envs\zong-test\Lib\site-packages\mace\calculators\mace.py:199: UserWarning: Environment variable TORCH_FORCE_NO_WEIGHTS_ONLY_LOAD detected, since the`weights_only` argument was not explicitly passed to `torch.load`, forcing weights_only=False.
  torch.load(f=model_path, map_location=device)
[MACEOFF23FF] small on cuda, cutoff=4.5 Ang
[init] FF=mace  CV0=-1.4624 Ang  n_steps=100000  T=200.0K
step    5000  t=2.5ps  cv=-1.343  barrier=33.75 kcal/mol  0.3M steps/day
step   10000  t=5.0ps  cv=-1.569  barrier=33.76 kcal/mol  0.3M steps/day
step   15000  t=7.5ps  cv=-1.292  barrier=33.76 kcal/mol  0.3M steps/day
step   20000  t=10.0ps  cv=-1.478  barrier=33.76 kcal/mol  0.3M steps/day
step   25000  t=12.5ps  cv=-1.381  barrier=33.76 kcal/mol  0.3M steps/day
step   30000  t=15.0ps  cv=-1.247  barrier=33.65 kcal/mol  0.3M steps/day
step   35000  t=17.5ps  cv=-1.306  barrier=32.63 kcal/mol  0.3M steps/day
step   40000  t=20.0ps  cv=-1.345  barrier=32.39 kcal/mol  0.3M steps/day
step   45000  t=22.5ps  cv=-1.398  barrier=32.39 kcal/mol  0.3M steps/day
step   50000  t=25.0ps  cv=-1.428  barrier=32.39 kcal/mol  0.3M steps/day
step   55000  t=27.5ps  cv=-1.427  barrier=32.39 kcal/mol  0.3M steps/day
step   60000  t=30.0ps  cv=-1.498  barrier=32.39 kcal/mol  0.3M steps/day
step   65000  t=32.5ps  cv=-1.565  barrier=32.39 kcal/mol  0.3M steps/day
step   70000  t=35.0ps  cv=-1.283  barrier=32.39 kcal/mol  0.3M steps/day
step   75000  t=37.5ps  cv=-1.210  barrier=32.02 kcal/mol  0.3M steps/day
step   80000  t=40.0ps  cv=-1.426  barrier=29.48 kcal/mol  0.3M steps/day
step   85000  t=42.5ps  cv=-1.522  barrier=29.48 kcal/mol  0.3M steps/day
step   90000  t=45.0ps  cv=-1.442  barrier=29.48 kcal/mol  0.3M steps/day
step   95000  t=47.5ps  cv=-1.355  barrier=29.48 kcal/mol  0.3M steps/day

=== RESULTS (MACE) ===
Barrier : 29.4772 kcal/mol  (target: 1.52 +/- 0.15)
Speed   : 0.28 M steps/day
pass_barrier = False
Saved: results_mace\seed_123.json
