C:\Users\zonezone\Desktop\YCU_research\MetaDynamics\OmegaWiki\experiments\code\opes-pimd-fad-proton-transfer-convergence\physnet_fad\Physnet_v2\layers\NeuronLayer.py:12: UserWarning: Do not pass an `input_shape`/`input_dim` argument to a layer. When using Sequential models, prefer using an `Input(shape)` object as the first layer in the model instead.
  super(NeuronLayer, self).__init__(input_dim=n_in)
WARNING:tensorflow:From C:\Users\zonezone\Desktop\YCU_research\MetaDynamics\OmegaWiki\experiments\code\opes-pimd-fad-proton-transfer-convergence\physnet_fad\Physnet_v2\layers\DenseLayer.py:32: The name tf.add_to_collection is deprecated. Please use tf.compat.v1.add_to_collection instead.

C:\Users\zonezone\miniforge3\envs\zong-test\Lib\site-packages\tensorflow\python\util\numpy_compat.py:47: RuntimeWarning: overflow encountered in cast
  return np.array(values, copy=copy, order=order).astype(dtype)
[PhysNetFF] loaded: C:\Users\zonezone\Desktop\YCU_research\MetaDynamics\OmegaWiki\experiments\code\opes-pimd-fad-proton-transfer-convergence\physnet_fad\Final_Fit\best\best_model
[init] FF=physnet  CV0=-1.4833 Ang  n_steps=300000  T=200.0K
step    5000  t=2.5ps  cv=-1.387  barrier=31.61 kcal/mol  0.6M steps/day
step   10000  t=5.0ps  cv=-1.471  barrier=31.61 kcal/mol  0.6M steps/day
step   15000  t=7.5ps  cv=-1.362  barrier=31.61 kcal/mol  0.6M steps/day
step   20000  t=10.0ps  cv=-1.250  barrier=31.61 kcal/mol  0.6M steps/day
step   25000  t=12.5ps  cv=-1.393  barrier=31.58 kcal/mol  0.6M steps/day
step   30000  t=15.0ps  cv=-1.603  barrier=31.58 kcal/mol  0.6M steps/day
step   35000  t=17.5ps  cv=-1.302  barrier=31.58 kcal/mol  0.6M steps/day
step   40000  t=20.0ps  cv=-1.391  barrier=31.58 kcal/mol  0.6M steps/day
step   45000  t=22.5ps  cv=-1.436  barrier=31.58 kcal/mol  0.6M steps/day
step   50000  t=25.0ps  cv=-1.413  barrier=31.58 kcal/mol  0.6M steps/day
step   55000  t=27.5ps  cv=-1.342  barrier=31.58 kcal/mol  0.6M steps/day
step   60000  t=30.0ps  cv=-1.416  barrier=31.58 kcal/mol  0.6M steps/day
step   65000  t=32.5ps  cv=-1.390  barrier=31.58 kcal/mol  0.6M steps/day
step   70000  t=35.0ps  cv=-1.325  barrier=31.58 kcal/mol  0.6M steps/day
step   75000  t=37.5ps  cv=-1.387  barrier=31.58 kcal/mol  0.6M steps/day
step   80000  t=40.0ps  cv=-1.397  barrier=31.58 kcal/mol  0.6M steps/day
step   85000  t=42.5ps  cv=-1.565  barrier=31.58 kcal/mol  0.6M steps/day
step   90000  t=45.0ps  cv=-1.487  barrier=31.58 kcal/mol  0.6M steps/day
step   95000  t=47.5ps  cv=-1.420  barrier=31.58 kcal/mol  0.6M steps/day
step  100000  t=50.0ps  cv=-1.405  barrier=31.58 kcal/mol  0.6M steps/day
step  105000  t=52.5ps  cv=-1.399  barrier=31.58 kcal/mol  0.6M steps/day
step  110000  t=55.0ps  cv=-1.168  barrier=29.39 kcal/mol  0.6M steps/day
step  115000  t=57.5ps  cv=-1.321  barrier=27.42 kcal/mol  0.6M steps/day
step  120000  t=60.0ps  cv=-1.199  barrier=27.42 kcal/mol  0.6M steps/day
step  125000  t=62.5ps  cv=-1.293  barrier=27.42 kcal/mol  0.6M steps/day
step  130000  t=65.0ps  cv=-1.509  barrier=27.42 kcal/mol  0.6M steps/day
step  135000  t=67.5ps  cv=-1.610  barrier=27.42 kcal/mol  0.6M steps/day
step  140000  t=70.0ps  cv=-1.424  barrier=27.42 kcal/mol  0.6M steps/day
step  145000  t=72.5ps  cv=-1.395  barrier=27.42 kcal/mol  0.6M steps/day
step  150000  t=75.0ps  cv=-1.436  barrier=27.42 kcal/mol  0.6M steps/day
step  155000  t=77.5ps  cv=-1.443  barrier=27.42 kcal/mol  0.6M steps/day
step  160000  t=80.0ps  cv=-1.307  barrier=27.42 kcal/mol  0.6M steps/day
step  165000  t=82.5ps  cv=-1.243  barrier=27.42 kcal/mol  0.6M steps/day
step  170000  t=85.0ps  cv=-1.302  barrier=27.42 kcal/mol  0.6M steps/day
step  175000  t=87.5ps  cv=-1.344  barrier=27.42 kcal/mol  0.6M steps/day
step  180000  t=90.0ps  cv=-1.404  barrier=27.42 kcal/mol  0.6M steps/day
step  185000  t=92.5ps  cv=-1.496  barrier=27.42 kcal/mol  0.6M steps/day
step  190000  t=95.0ps  cv=-1.449  barrier=27.42 kcal/mol  0.6M steps/day
step  195000  t=97.5ps  cv=-1.339  barrier=27.42 kcal/mol  0.6M steps/day
step  200000  t=100.0ps  cv=-1.377  barrier=27.42 kcal/mol  0.6M steps/day
step  205000  t=102.5ps  cv=-1.202  barrier=27.42 kcal/mol  0.6M steps/day
step  210000  t=105.0ps  cv=-1.180  barrier=27.42 kcal/mol  0.6M steps/day
step  215000  t=107.5ps  cv=-1.280  barrier=27.42 kcal/mol  0.6M steps/day
step  220000  t=110.0ps  cv=-1.247  barrier=27.42 kcal/mol  0.6M steps/day
step  225000  t=112.5ps  cv=-1.553  barrier=27.42 kcal/mol  0.6M steps/day
step  230000  t=115.0ps  cv=-1.440  barrier=27.42 kcal/mol  0.6M steps/day
step  235000  t=117.5ps  cv=-1.398  barrier=27.42 kcal/mol  0.6M steps/day
step  240000  t=120.0ps  cv=-1.333  barrier=27.42 kcal/mol  0.6M steps/day
step  245000  t=122.5ps  cv=-1.329  barrier=27.42 kcal/mol  0.6M steps/day
step  250000  t=125.0ps  cv=-1.318  barrier=27.42 kcal/mol  0.6M steps/day
step  255000  t=127.5ps  cv=-1.311  barrier=27.42 kcal/mol  0.6M steps/day
step  260000  t=130.0ps  cv=-1.388  barrier=27.42 kcal/mol  0.6M steps/day
step  265000  t=132.5ps  cv=-1.514  barrier=27.42 kcal/mol  0.6M steps/day
step  270000  t=135.0ps  cv=-1.608  barrier=27.42 kcal/mol  0.6M steps/day
step  275000  t=137.5ps  cv=-1.548  barrier=27.42 kcal/mol  0.6M steps/day
step  280000  t=140.0ps  cv=-1.471  barrier=27.42 kcal/mol  0.6M steps/day
step  285000  t=142.5ps  cv=-1.515  barrier=27.42 kcal/mol  0.6M steps/day
step  290000  t=145.0ps  cv=-1.569  barrier=27.42 kcal/mol  0.6M steps/day
step  295000  t=147.5ps  cv=-1.514  barrier=27.42 kcal/mol  0.6M steps/day

=== RESULTS (PHYSNET) ===
Barrier : 27.4200 kcal/mol  (target: 1.52 +/- 0.15)
Speed   : 0.60 M steps/day
pass_barrier = False
Saved: results_physnet\seed_42.json
